<html>
<body>
<pre>
<h1>µVision Build Log</h1>
<h2>Project:</h2>
C:\Users\pepca\Disk Google\Diplomka\STM\projekty\rukavice\rukavice.uvproj
Project File Date:  04/15/2015

<h2>Output:</h2>
Build target 'Target 1'
compiling main.c...
linking...
Program Size: Code=15204 RO-data=452 RW-data=60 ZI-data=1636  
FromELF: creating hex file...
".\out\rukavice.axf" - 0 Error(s), 0 Warning(s).
</pre>
</body>
</html>
 ZI-data=1636  
FromELF: creating hex file...
".\out\rukavice.axf" - 0 Error(s), 1 Warning(s).
55.c...
compiling stm32l1xx_tim.c...
compiling main.c...
linking...
Program Size: Code=13440 RO-data=452 RW-data=60 ZI-data=1636  
FromELF: creating hex file...
".\out\rukavice.axf" - 0 Error(s), 0 Warning(s).
-D: variable "recipNorm" was declared but never referenced
        long xi,yi,zi,wi,recipNorm;
knih\BNO055.c: 5 warnings, 0 errors
linking...
Program Size: Code=13440 RO-data=452 RW-data=60 ZI-data=1636  
FromELF: creating hex file...
".\out\rukavice.axf" - 0 Error(s), 5 Warning(s).
d but never referenced
        long xi,yi,zi,wi,recipNorm;
knih\BNO055.c: 7 warnings, 0 errors
linking...
Program Size: Code=13440 RO-data=452 RW-data=60 ZI-data=1636  
FromELF: creating hex file...
".\out\rukavice.axf" - 0 Error(s), 7 Warning(s).
but never referenced
        long xi,yi,zi,wi,recipNorm;
knih\BNO055.c: 9 warnings, 0 errors
linking...
Program Size: Code=13440 RO-data=452 RW-data=60 ZI-data=1636  
FromELF: creating hex file...
".\out\rukavice.axf" - 0 Error(s), 9 Warning(s).
le "wi" was declared but never referenced
        long xi,yi,zi,wi,recipNorm;
knih\BNO055.c(169): warning:  #177-D: variable "recipNorm" was declared but never referenced
        long xi,yi,zi,wi,recipNorm;
knih\BNO055.c: 12 warnings, 0 errors
linking...
Program Size: Code=13440 RO-data=452 RW-data=60 ZI-data=1636  
FromELF: creating hex file...
".\out\rukavice.axf" - 0 Error(s), 12 Warning(s).

Program Size: Code=13440 RO-data=452 RW-data=60 ZI-data=1636  
FromELF: creating hex file...
".\out\rukavice.axf" - 0 Error(s), 13 Warning(s).
_Cmd (referred from main.o).
.\out\rukavice.axf: Error: L6218E: Undefined symbol TIM_ITConfig (referred from main.o).
.\out\rukavice.axf: Error: L6218E: Undefined symbol TIM_TimeBaseInit (referred from main.o).
Not enough information to list image symbols.
Finished: 1 information, 0 warning and 4 error messages.
".\out\rukavice.axf" - 4 Error(s), 13 Warning(s).
Target not created
 from main.o).
Not enough information to list image symbols.
Finished: 1 information, 0 warning and 5 error messages.
".\out\rukavice.axf" - 5 Error(s), 14 Warning(s).
Target not created
