<html>
<body>
<pre>
<h1>µVision Build Log</h1>
<h2>Project:</h2>
C:\Users\Pepa ml\Disk Google\Diplomka\STM\projekty\rukavice\rukavice.uvproj
Project File Date:  05/07/2015

<h2>Output:</h2>
Build target 'Target 1'
compiling main.c...
main.c(217): warning:  #177-D: variable "x" was declared but never referenced
        char s[200],x;
main.c(220): warning:  #177-D: variable "adc_LP" was declared but never referenced
        uint16_t adc_LP[10][5];
main.c: 2 warnings, 0 errors
linking...
Program Size: Code=18004 RO-data=460 RW-data=116 ZI-data=1796  
FromELF: creating hex file...
".\out\rukavice.axf" - 0 Error(s), 2 Warning(s).
g Done.
Verify OK.
Application running ...
ut never referenced
        unsigned char temp;
knih\BNO055.c(46): warning:  #550-D: variable "recipNorm" was set but never used
        float recipNorm;
knih\BNO055.c(83): warning:  #550-D: variable "recipNorm" was set but never used
        float recipNorm;
knih\BNO055.c(117): warning:  #177-D: variable "qwl" was declared but never referenced
        unsigned char qxl,qxh,qyl,qyh,qzl,qzh,qwl,qwh;
knih\BNO055.c(117): warning:  #177-D: variable "qwh" was declared but never referenced
        unsigned char qxl,qxh,qyl,qyh,qzl,qzh,qwl,qwh;
knih\BNO055.c(118): warning:  #177-D: variable "recipNorm" was declared but never referenced
        long xi,yi,zi,wi,recipNorm;
knih\BNO055.c(149): warning:  #177-D: variable "wi" was declared but never referenced
        long xi,yi,zi,wi,recipNorm;
knih\BNO055.c(149): warning:  #177-D: variable "recipNorm" was declared but never referenced
        long xi,yi,zi,wi,recipNorm;
knih\BNO055.c(181): warning:  #177-D: variable "wi" was declared but never referenced
        long xi,yi,zi,wi,recipNorm;
knih\BNO055.c(181): warning:  #177-D: variable "recipNorm" was declared but never referenced
        long xi,yi,zi,wi,recipNorm;
knih\BNO055.c(240): warning:  #1-D: last line of file ends without a newline
  }
knih\BNO055.c(213): warning:  #177-D: variable "wi" was declared but never referenced
        long xi,yi,zi,wi,recipNorm;
knih\BNO055.c(213): warning:  #177-D: variable "recipNorm" was declared but never referenced
        long xi,yi,zi,wi,recipNorm;
knih\BNO055.c: 14 warnings, 0 errors
compiling stm32l1xx_tim.c...
compiling serva.c...
compiling stm32l1xx_dma.c...
compiling i2c.c...
compiling stm32l1xx_flash.c...
compiling stm32l1xx_flash_ramfunc.c...
compiling main.c...
linking...
Program Size: Code=18126 RO-data=502 RW-data=116 ZI-data=1796  
FromELF: creating hex file...
".\out\rukavice.axf" - 0 Error(s), 14 Warning(s).
Load "C:\\Users\\Pepa ml\\Disk Google\\Diplomka\\STM\\projekty\\rukavice\\out\\rukavice.axf" 
Erase Done.
Programming Done.
Verify OK.
Application running ...
n cancelled
Load "C:\\Users\\Pepa ml\\Disk Google\\Diplomka\\STM\\projekty\\rukavice\\out\\rukavice.axf" 
Erase Done.
Programming Done.
Verify OK.
Application running ...
