<html>
<body>
<pre>
<h1>µVision Build Log</h1>
<h2>Project:</h2>
C:\Users\pepca\Disk Google\Diplomka\STM\projekty\rukavice\rukavice.uvproj
Project File Date:  04/19/2015

<h2>Output:</h2>
Build target 'Target 1'
assembling startup_stm32l1xx_md.s...
compiling system_stm32l1xx.c...
compiling uart.c...
compiling stm32l1xx_adc.c...
compiling stm32l1xx_gpio.c...
compiling stm32l1xx_rcc.c...
compiling stm32l1xx_usart.c...
compiling i2c.c...
compiling misc.c...
compiling stm32l1xx_i2c.c...
compiling BNO055.c...
compiling stm32l1xx_tim.c...
compiling serva.c...
compiling main.c...
linking...
Program Size: Code=17612 RO-data=452 RW-data=84 ZI-data=1636  
FromELF: creating hex file...
".\out\rukavice.axf" - 0 Error(s), 0 Warning(s).
