<html>
<body>
<pre>
<h1>µVision Build Log</h1>
<h2>Project:</h2>
C:\Users\pepca\Disk Google\Diplomka\STM\projekty\prijem robot\rukavice.uvproj
Project File Date:  05/12/2015

<h2>Output:</h2>
Build target 'Target 1'
linking...
Program Size: Code=8604 RO-data=276 RW-data=120 ZI-data=1832  
FromELF: creating hex file...
".\out\rukavice.axf" - 0 Error(s), 0 Warning(s).
Load "C:\\Users\\pepca\\Disk Google\\Diplomka\\STM\\projekty\\prijem robot\\out\\rukavice.axf" 
Erase Failed!
Error: Flash Download failed  -  "Cortex-M3"
Load "C:\\Users\\pepca\\Disk Google\\Diplomka\\STM\\projekty\\prijem robot\\out\\rukavice.axf" 
Erase Done.
Programming Done.
Verify OK.
Application running ...
